D:\IdeaProjects\ÇÅÅÆ\chinabridgeonline\chinabridgeServer\bridge-common\src\main\java\com\gotogames\common\bridge\BidValue.java
D:\IdeaProjects\ÇÅÅÆ\chinabridgeonline\chinabridgeServer\bridge-common\src\main\java\com\gotogames\common\bridge\GameBridgeRule.java
D:\IdeaProjects\ÇÅÅÆ\chinabridgeonline\chinabridgeServer\bridge-common\src\main\java\com\gotogames\common\bridge\BridgeDeal.java
D:\IdeaProjects\ÇÅÅÆ\chinabridgeonline\chinabridgeServer\bridge-common\src\main\java\com\gotogames\common\bridge\BidColor.java
D:\IdeaProjects\ÇÅÅÆ\chinabridgeonline\chinabridgeServer\bridge-common\src\main\java\com\gotogames\common\bridge\BridgeCard.java
D:\IdeaProjects\ÇÅÅÆ\chinabridgeonline\chinabridgeServer\bridge-common\src\main\java\com\gotogames\common\bridge\BridgeConventions.java
D:\IdeaProjects\ÇÅÅÆ\chinabridgeonline\chinabridgeServer\bridge-common\src\main\java\com\gotogames\common\bridge\BridgeTransformData.java
D:\IdeaProjects\ÇÅÅÆ\chinabridgeonline\chinabridgeServer\bridge-common\src\main\java\com\gotogames\common\bridge\BridgeBid.java
D:\IdeaProjects\ÇÅÅÆ\chinabridgeonline\chinabridgeServer\bridge-common\src\main\java\com\gotogames\common\bridge\GameClaimException.java
D:\IdeaProjects\ÇÅÅÆ\chinabridgeonline\chinabridgeServer\bridge-common\src\main\java\com\gotogames\common\bridge\BridgeDealParam.java
D:\IdeaProjects\ÇÅÅÆ\chinabridgeonline\chinabridgeServer\bridge-common\src\main\java\com\gotogames\common\bridge\PBNConvertion.java
D:\IdeaProjects\ÇÅÅÆ\chinabridgeonline\chinabridgeServer\bridge-common\src\main\java\com\gotogames\common\bridge\GameClaimThomas.java
D:\IdeaProjects\ÇÅÅÆ\chinabridgeonline\chinabridgeServer\bridge-common\src\main\java\com\gotogames\common\bridge\Blocage.java
D:\IdeaProjects\ÇÅÅÆ\chinabridgeonline\chinabridgeServer\bridge-common\src\main\java\com\gotogames\common\bridge\GameClaim.java
D:\IdeaProjects\ÇÅÅÆ\chinabridgeonline\chinabridgeServer\bridge-common\src\main\java\com\gotogames\common\bridge\CardValue.java
D:\IdeaProjects\ÇÅÅÆ\chinabridgeonline\chinabridgeServer\bridge-common\src\main\java\com\gotogames\common\bridge\BridgeGame.java
D:\IdeaProjects\ÇÅÅÆ\chinabridgeonline\chinabridgeServer\bridge-common\src\main\java\com\gotogames\common\bridge\BridgeConstantes.java
D:\IdeaProjects\ÇÅÅÆ\chinabridgeonline\chinabridgeServer\bridge-common\src\main\java\com\gotogames\common\bridge\CardColor.java
